
> agritech-frontend@0.0.0 test
> vitest --run


[1m[46m RUN [49m[22m [36mv4.0.18 [39m[90mC:/Users/kmvri/OneDrive/Documents/Desktop/CSE 2023-2027/MY PROJECTS/SE_3-2/frontend[39m

 [31mΓ¥»[39m src/features/auth/components/LoginForm.test.jsx [2m([22m[2m0 test[22m[2m)[22m
 [32mΓ£ô[39m src/features/farmer/components/CropForm.test.jsx [2m([22m[2m2 tests[22m[2m)[22m[32m 161[2mms[22m[39m
 [32mΓ£ô[39m src/features/trade/components/BuyNowButton.test.jsx [2m([22m[2m2 tests[22m[2m)[22m[32m 252[2mms[22m[39m
node.exe : 
At line:1 char:1
+ & "C:\Program Files
\nodejs/node.exe" 
"C:\Program 
Files\nodejs/node_mo 
...
+ ~~~~~~~~~~~~~~~~~~~
~~~~~~~~~~~~~~~~~~~~~
~~~~~~~~~~~~~~~~~~~~~
~~~~~~~~
    + CategoryInfo   
           : NotSpe  
  cified: (:String   
 ) [], RemoteExce    
ption
    + FullyQualified 
   ErrorId : Native  
  CommandError
 
[31mΓÄ»ΓÄ»ΓÄ»ΓÄ»ΓÄ»Γ
Ä»[39m[1m[41m 
Failed Suites 1 [49m
[22m[31mΓÄ»ΓÄ»ΓÄ»ΓÄ
»ΓÄ»ΓÄ»ΓÄ»[39m

[41m[1m FAIL 
[22m[49m src/featur
es/auth/components/Lo
ginForm.test.jsx[2m 
[ src/features/auth/c
omponents/LoginForm.t
est.jsx ][22m
[31m[1mError[22m: 
Failed to resolve 
import "../../../../c
ontext/AuthContext" 
from "src/features/au
th/components/LoginFo
rm.test.jsx". Does 
the file exist?[39m
  Plugin: [35mvite:i
mport-analysis[39m
  File: [36mC:/Users
/kmvri/OneDrive/Docum
ents/Desktop/CSE 
2023-2027/MY PROJECTS
/SE_3-2/frontend/src/
features/auth/compone
nts/LoginForm.test.js
x[39m:5:0
[33m  16 |  const 
__vi_import_2__ = 
await import("./Login
Form");
  17 |  const 
__vi_import_3__ = 
await import("react-r
outer-dom");
  18 |  const 
__vi_import_4__ = 
await import("../../.
./../context/AuthCont
ext");
     |               
                     
   ^
  19 |  
  20 |  [39m
[90m [2mΓ¥»[22m Tr
ansformPluginContext.
_formatLog ../../../.
./CSE%202023-2027/MY%
20PROJECTS/SE_3-2/fro
ntend/node_modules/vi
te/dist/node/chunks/c
onfig.js:[2m28999:43
[22m[39m
[90m [2mΓ¥»[22m Tr
ansformPluginContext.
error ../../../../CSE
%202023-2027/MY%20PRO
JECTS/SE_3-2/frontend
/node_modules/vite/di
st/node/chunks/config
.js:[2m28996:14[22m
[39m
[90m [2mΓ¥»[22m 
normalizeUrl ../../..
/../CSE%202023-2027/M
Y%20PROJECTS/SE_3-2/f
rontend/node_modules/
vite/dist/node/chunks
/config.js:[2m27119:
18[22m[39m
[90m [2mΓ¥»[22m ..
/../../../CSE%202023-
2027/MY%20PROJECTS/SE
_3-2/frontend/node_mo
dules/vite/dist/node/
chunks/config.js:[2m
27177:32[22m[39m
[90m [2mΓ¥»[22m Tr
ansformPluginContext.
transform ../../../..
/CSE%202023-2027/MY%2
0PROJECTS/SE_3-2/fron
tend/node_modules/vit
e/dist/node/chunks/co
nfig.js:[2m27145:4[
22m[39m
[90m [2mΓ¥»[22m En
vironmentPluginContai
ner.transform ../../.
./../CSE%202023-2027/
MY%20PROJECTS/SE_3-2/
frontend/node_modules
/vite/dist/node/chunk
s/config.js:[2m28797
:14[22m[39m
[90m [2mΓ¥»[22m 
loadAndTransform ../.
./../../CSE%202023-20
27/MY%20PROJECTS/SE_3
-2/frontend/node_modu
les/vite/dist/node/ch
unks/config.js:[2m22
670:26[22m[39m

[31m[2mΓÄ»ΓÄ»ΓÄ»ΓÄ»
ΓÄ»ΓÄ»ΓÄ»ΓÄ»ΓÄ»ΓÄ»ΓÄ»
ΓÄ»ΓÄ»ΓÄ»ΓÄ»ΓÄ»ΓÄ»ΓÄ»
ΓÄ»ΓÄ»ΓÄ»ΓÄ»ΓÄ»ΓÄ»[1/
1]ΓÄ»[22m[39m


[2m Test Files [22m [1m[31m1 failed[39m[22m[2m | [22m[1m[32m2 passed[39m[22m[90m (3)[39m
[2m      Tests [22m [1m[32m4 passed[39m[22m[90m (4)[39m
[2m   Start at [22m 13:43:16
[2m   Duration [22m 2.74s[2m (transform 298ms, setup 436ms, import 1.48s, tests 412ms, environment 3.89s)[22m

